Γû▓ Next.js 16.1.6 (Turbopack)
- Environments: .env

  Creating an optimized production build ...
Γ£ô Compiled successfully in 11.5s
  Running TypeScript ...
  Collecting page data using 15 workers ...
  Generating static pages using 15 workers (0/30) ...
  Generating static pages using 15 workers (7/30) 
  Generating static pages using 15 workers (14/30) 
  Generating static pages using 15 workers (22/30) 
node.exe : Γ¿» 
useSearchParams() should 
be wrapped in a suspense 
boundary at page 
"/reset-password". Read 
more: https://nextjs.org/d
ocs/messages/missing-suspe
nse-with-csr-bailout
At line:1 char:1
+ & "C:\Program 
Files\nodejs/node.exe" "C:
\Users\VIJAY\AppData\Roami
ng\ ...
+ ~~~~~~~~~~~~~~~~~~~~~~~~
~~~~~~~~~~~~~~~~~~~~~~~~~~
~~~~~~~~~~~~~~~~~~~
    + CategoryInfo        
      : NotSpecified: (Γ  
  ¿» useSearchPa...ith-   
 csr-bailout:String) [    
], RemoteException
    + FullyQualifiedError 
   Id : NativeCommandErr  
  or
 
    at Q (C:\banglore\stoc
kmarket\.next\server\chunk
s\ssr\node_modules_next_92
0e7746._.js:2:2111)
    at o (C:\banglore\stoc
kmarket\.next\server\chunk
s\ssr\node_modules_next_92
0e7746._.js:4:5284)
    at k (C:\banglore\stoc
kmarket\.next\server\chunk
s\ssr\_5852b45d._.js:1:155
8)
    at an (C:\banglore\sto
ckmarket\node_modules\next
\dist\compiled\next-server
\app-page-turbo.runtime.pr
od.js:2:84360)
    at ai (C:\banglore\sto
ckmarket\node_modules\next
\dist\compiled\next-server
\app-page-turbo.runtime.pr
od.js:2:86179)
    at al (C:\banglore\sto
ckmarket\node_modules\next
\dist\compiled\next-server
\app-page-turbo.runtime.pr
od.js:2:107953)
    at as (C:\banglore\sto
ckmarket\node_modules\next
\dist\compiled\next-server
\app-page-turbo.runtime.pr
od.js:2:105368)
    at aa (C:\banglore\sto
ckmarket\node_modules\next
\dist\compiled\next-server
\app-page-turbo.runtime.pr
od.js:2:84712)
    at ai (C:\banglore\sto
ckmarket\node_modules\next
\dist\compiled\next-server
\app-page-turbo.runtime.pr
od.js:2:86228)
    at ai (C:\banglore\sto
ckmarket\node_modules\next
\dist\compiled\next-server
\app-page-turbo.runtime.pr
od.js:2:104708)
Error occurred 
prerendering page 
"/reset-password". Read 
more: https://nextjs.org/d
ocs/messages/prerender-err
or
Export encountered an 
error on 
/reset-password/page: 
/reset-password, exiting 
the build.
Γ¿» Next.js build worker 
exited with code: 1 and 
signal: null
